../Core/Src/app_freertos.c:167:6:MX_FREERTOS_Init	8	static
../Core/Src/app_freertos.c:209:6:StartDefaultTask	464	static
../Core/Src/app_freertos.c:299:6:timer_callback	24	static
../Core/Src/app_freertos.c:346:6:xlr8_publish	24	static
../Core/Src/app_freertos.c:353:6:emergency_publish	24	static
../Core/Src/app_freertos.c:360:6:accel_direction_publish	16	static
../Core/Src/app_freertos.c:366:10:calculate_average	24	static
../Core/Src/app_freertos.c:374:6:interfaces_status	8	static
../Core/Src/app_freertos.c:397:6:mode_cycle	4	static
../Core/Src/app_freertos.c:420:6:mode_light_indicator	8	static
